// Vitest Snapshot v1

exports[`<HomepageTemplate /> > should render with posts 1`] = `
<DocumentFragment>
  <div
    class="min-h-screen max-h-screen min-w-screen max-w-screen flex flex-col"
  >
    <div
      class="my-0 pt-10 px-5 text-xl"
    >
      <nav>
        <ul
          class="flex flex-row flex-wrap sm:flex-nowrap list-none justify-between max-w-screen-sm mx-auto"
        >
          <li
            class="mr-auto"
          >
            <a
              class="hover:underline"
              href="/"
            >
              üè† Home
            </a>
          </li>
          <li
            class="mx-4"
          >
            <a
              class="hover:underline"
              href="/posts"
            >
              üì∞ Posts
            </a>
          </li>
          <li
            class="mx-4"
          >
            <a
              class="hover:underline"
              href="/pages"
            >
              üìë Pages
            </a>
          </li>
          <li
            class="mx-4"
          >
            <a
              class="hover:underline"
              href="/examples"
            >
              ‚öõÔ∏è Examples
            </a>
          </li>
        </ul>
      </nav>
    </div>
    <main
      class="mb-auto"
    >
      <div
        class="prose sm:prose-xl mt-20 flex flex-col mx-auto max-w-fit"
      >
        <h1
          class="prose text-4xl text-center h-full"
        >
          Welcome to 
          <a
            class="text-blue-600 no-underline hover:underline"
            href="https://nextjs.org"
          >
            Next.js!
          </a>
        </h1>
        <div
          class="text-2xl"
        >
          <div
            class="bg-black text-white rounded flex items-center justify-center p-4"
          >
            Decoupled WordPress on 
            <img
              alt="Pantheon Logo"
              src="/pantheon.png"
              width="191"
            />
          </div>
        </div>
      </div>
      <section>
        <div
          class="mt-12 grid gap-5 max-w-content mx-auto lg:grid-cols-3 lg:max-w-screen-lg"
        >
          <a
            href="/posts/example-post-with-image"
          >
            <div
              class="flex flex-col rounded-lg shadow-lg overflow-hidden cursor-pointer border-2 h-full hover:border-indigo-500"
            >
              <div
                class="flex-shrink-0 relative h-40"
              >
                <img
                  alt="Example Post with Image"
                  src="undefined/app/uploads/2022/09/pizza.jpeg"
                />
              </div>
              <h2
                class="my-4 mx-6 text-xl leading-7 font-semibold text-gray-900"
              >
                Example Post with Image ‚Üí
              </h2>
            </div>
          </a>
          <a
            href="/posts/hello-world"
          >
            <div
              class="flex flex-col rounded-lg shadow-lg overflow-hidden cursor-pointer border-2 h-full hover:border-indigo-500"
            >
              <div
                class="flex-shrink-0 relative h-40"
              >
                <div
                  class="w-full h-full bg-gradient-to-b from-blue-100 to-blue-500"
                />
              </div>
              <h2
                class="my-4 mx-6 text-xl leading-7 font-semibold text-gray-900"
              >
                Hello world! ‚Üí
              </h2>
            </div>
          </a>
        </div>
      </section>
    </main>
    <footer
      class="w-full text-white bg-black p-4 mt-12"
    >
      <nav
        class="flex flex-col max-w-lg mx-auto lg:max-w-screen-lg"
      >
        <ul>
          <li
            class="list-disc text-blue-300 hover:text-blue-100 ml-3"
          >
            <a
              class="hover:underline focus:text-purple-600  active:text-purple-300"
              href="/posts/example-post-with-image"
            >
              Example Post with Image
            </a>
          </li>
        </ul>
      </nav>
      <div
        class="flex my-4 p-2"
      >
        <span
          class="mx-auto"
        >
          ¬© 2022 Built with 
          <a
            class="text-white hover:text-blue-100 underline"
            href="https://nextjs.org/"
          >
            Next.js
          </a>
           and 
          <a
            class="text-blue-500 underline hover:text-blue-100"
            href="https://wordpress.com/"
          >
            WordPress
          </a>
        </span>
      </div>
    </footer>
  </div>
</DocumentFragment>
`;
